../Core/Src/main.c:76:5:main	8	static
../Core/Src/main.c:106:6:SystemClock_Config	96	static
../Core/Src/main.c:148:13:MX_ADC1_Init	56	static
../Core/Src/main.c:201:7:MX_TIM1_Init	96	static
../Core/Src/main.c:270:13:MX_USART2_UART_Init	8	static
../Core/Src/main.c:291:13:MX_DMA_Init	16	static
../Core/Src/main.c:304:13:MX_GPIO_Init	48	static
../Core/Src/main.c:381:6:HAL_ADC_ConvcpITCallback	16	static
../Core/Src/main.c:392:6:HAL_GPIO_EXTI_Callback	16	static
../Core/Src/main.c:420:13:INDUCTIVE_CONTROL	8	static
../Core/Src/main.c:426:13:CAPACITIVE_CONTROL	8	static
../Core/Src/main.c:433:13:INFRARED_CONTROL	8	static
../Core/Src/main.c:439:13:SERVOMOTORS_CONTROL	4	static
../Core/Src/main.c:442:13:CONTAINER_CONTROL	4	static
../Core/Src/main.c:446:13:LED_CONTROL	8	static
../Core/Src/main.c:459:6:Error_Handler	4	static,ignoring_inline_asm
